Serial                        : 03
Beam Energy                   : 7000
Event Count                   : 5000
Real Event Count              : 5000
Last Run                      : 2026-03-30 13:17:27
Time Taken                    : 1 minute 29 seconds 
Time Taken / 1000 Events      : 17.82 seconds 
Histogram Scale               : 1
Progress Bar Update Interval  : 21
Write Interval                : 1000000
Lambda Mass                   : 1.115
Lambda Energy                 : 1.115
Proton Mass                   : 0.938
Pion Mass                     : 0.14
Mass Difference               : 0.037
Energy Tolerance              : 0.15
Theta Tolerance               : 0.1
Lambda Momentum               : 1.115
Lambda Transverse Momentum    : 1
Eta Extent                    : 5




 *-------  PYTHIA Flag + Mode + Parm + Word + FVec + MVec + PVec + WVec Settings (changes only)  ------------------* 
 |                                                                                                                 | 
 | Name                                          |                      Now |      Default         Min         Max | 
 |                                               |                          |                                      | 
 | BeamRemnants:remnantMode                      |                        1 |            0           0           1 | 
 | BeamRemnants:saturation                       |                  3.00000 |      5.00000     0.10000  100000.000 | 
 | Beams:eCM                                     |                 7000.000 |    14000.000         0.0             | 
 | Beams:idA                                     |               1000100200 |         2212                         | 
 | Beams:idB                                     |               1000100200 |         2212                         | 
 | ColourReconnection:allowDoubleJunRem          |                      off |           on                         | 
 | ColourReconnection:mode                       |                        1 |            0           0           4 | 
 | HardQCD:all                                   |                       on |          off                         | 
 | HeavyIon:SigFitDefAvNDb                       |                  0.98000 |          0.0                         | 
 | HeavyIon:SigFitDefPar                         |                  1.51000 |                                      | 
 |                                               |                  3.58000 |                                      | 
 |                                               |                  1.21000 |                                      | 
 | HeavyIon:SigFitNGen                           |                        0 |           20           0             | 
 | Init:showChangedParticleData                  |                      off |           on                         | 
 | Init:showChangedSettings                      |                      off |           on                         | 
 | Init:showMultipartonInteractions              |                      off |           on                         | 
 | Init:showProcesses                            |                      off |           on                         | 
 | MultipartonInteractions:pT0Ref                |                  2.50000 |      2.28000     0.50000    10.00000 | 
 | Next:numberCount                              |                        0 |         1000           0             | 
 | Next:numberShowEvent                          |                        0 |            1           0             | 
 | Next:numberShowInfo                           |                        0 |            1           0             | 
 | Next:numberShowLHA                            |                        0 |            1           0             | 
 | Next:numberShowProcess                        |                        0 |            1           0             | 
 | Parallelism:numThreads                        |                       10 |            0           0             | 
 | Parallelism:seeds                             |                   270403 |                                      | 
 |                                               |                   270404 |                                      | 
 |                                               |                   270405 |                                      | 
 |                                               |                   270406 |                                      | 
 |                                               |                   270407 |                                      | 
 |                                               |                   270408 |                                      | 
 |                                               |                   270409 |                                      | 
 |                                               |                   270410 |                                      | 
 |                                               |                   270411 |                                      | 
 |                                               |                   270412 |                                      | 
 | PartonVertex:ProtonRadius                     |                  0.70000 |      0.85000         0.0    10.00000 | 
 | PartonVertex:setVertex                        |                       on |          off                         | 
 | PhaseSpace:pTHatMin                           |                  5.00000 |          0.0         0.0             | 
 | Print:errors                                  |                      off |           on                         | 
 | Print:quiet                                   |                       on |          off                         | 
 | Random:seed                                   |                   270403 |           -1               900000000 | 
 | Random:setSeed                                |                       on |          off                         | 
 | Ropewalk:doFlavour                            |                       on |          off                         | 
 | Ropewalk:doShoving                            |                       on |          off                         | 
 | Ropewalk:RopeHadronization                    |                       on |          off                         | 
 | Ropewalk:tShove                               |                  0.20000 |      1.00000         0.0   100.00000 | 
 | SoftQCD:inelastic                             |                       on |          off                         | 
 | StringZ:useOldAExtra                          |                       on |          off                         | 
 |                                                                                                                 | 
 *-------  End PYTHIA Flag + Mode + Parm + Word + FVec + MVec + PVec + WVec Settings  -----------------------------* 




 *-------  PYTHIA Error and Warning Messages Statistics  ----------------------------------------------------------* 
 |                                                                                                                 | 
 |  times   message                                                                                                | 
 |                                                                                                                 | 
 |     85   Error in Pythia::forceHadronLevel: hadronLevel failed; giving up                                       | 
 |    503   Error in Settings::parm: value is out of range                                                         | 
 |    119   Error in StringFragmentation::fragment: stuck in joining                                               | 
 |    963   Error in StringFragmentation::fragmentToJunction: diquark too close to junction                        | 
 |      2   Warning in Angantyr::next: could not setup signal or ND collisions                                     | 
 |      2   Warning in MiniStringFragmentation::ministring2two: random axis needed to break tie                    | 
 |   3885   Warning in PartonVertex::vertexHadrons: unidentified junction topology not handled                     | 
 |      5   Warning in Pythia::check: not quite matched particle energy/momentum/mass                              | 
 |   1082   Warning in Pythia::forceHadronLevel: hadronLevel failed; try again                                     | 
 |      1   Warning in PythiaParallel::init: experimental feature, please send feedback to authors@pythia.org      | 
 |      2   Warning in StringFragmentation::collinearPair: JRF finding failure, use CoM instead                    | 
 |      1   Warning in StringFragmentation::collinearPair: soft massless endpoint encountered in junction system.  | 
 |      1   Warning in StringFragmentation::finalRegion: random axis needed to break tie                           | 
 |      1   Warning in TauDecays::decay: unknown correlated tau production, assuming from unpolarized photon       | 
 |                                                                                                                 | 
 *-------  End PYTHIA Error and Warning Messages Statistics  ------------------------------------------------------* 
