Serial                        : 02
Beam Energy                   : 7000
Event Count                   : 1000000
Real Event Count              : 1000000
Last Run                      : 2026-03-28 01:07:21
Time Taken                    : 5 hours 12 minutes 44 seconds 
Time Taken / 1000 Events      : 18.76 seconds 
Histogram Scale               : 1
Progress Bar Update Interval  : 4255
Lambda Mass                   : 1.115
Lambda Energy                 : 1.115
Proton Mass                   : 0.938
Pion Mass                     : 0.14
Mass Difference               : 0.037
Energy Tolerance              : 0.15
Mass Tolerance                : 0.05
Theta Tolerance               : 0.1
Lambda Momentum               : 1.115
Lambda Transverse Momentum    : 1
Eta Extent                    : 5




 *-------  PYTHIA Flag + Mode + Parm + Word + FVec + MVec + PVec + WVec Settings (changes only)  ------------------* 
 |                                                                                                                 | 
 | Name                                          |                      Now |      Default         Min         Max | 
 |                                               |                          |                                      | 
 | BeamRemnants:remnantMode                      |                        1 |            0           0           1 | 
 | BeamRemnants:saturation                       |                  3.00000 |      5.00000     0.10000  100000.000 | 
 | Beams:eCM                                     |                 7000.000 |    14000.000         0.0             | 
 | Beams:idA                                     |               1000100200 |         2212                         | 
 | Beams:idB                                     |               1000100200 |         2212                         | 
 | ColourReconnection:allowDoubleJunRem          |                      off |           on                         | 
 | ColourReconnection:mode                       |                        1 |            0           0           4 | 
 | HardQCD:all                                   |                       on |          off                         | 
 | HeavyIon:SigFitDefAvNDb                       |                  0.98000 |          0.0                         | 
 | HeavyIon:SigFitDefPar                         |                  1.51000 |                                      | 
 |                                               |                  3.58000 |                                      | 
 |                                               |                  1.21000 |                                      | 
 | HeavyIon:SigFitNGen                           |                        0 |           20           0             | 
 | Init:showChangedParticleData                  |                      off |           on                         | 
 | Init:showChangedSettings                      |                      off |           on                         | 
 | Init:showMultipartonInteractions              |                      off |           on                         | 
 | Init:showProcesses                            |                      off |           on                         | 
 | MultipartonInteractions:pT0Ref                |                  2.50000 |      2.28000     0.50000    10.00000 | 
 | Next:numberCount                              |                        0 |         1000           0             | 
 | Next:numberShowEvent                          |                        0 |            1           0             | 
 | Next:numberShowInfo                           |                        0 |            1           0             | 
 | Next:numberShowLHA                            |                        0 |            1           0             | 
 | Next:numberShowProcess                        |                        0 |            1           0             | 
 | Parallelism:numThreads                        |                        8 |            0           0             | 
 | Parallelism:seeds                             |                   270403 |                                      | 
 |                                               |                   270404 |                                      | 
 |                                               |                   270405 |                                      | 
 |                                               |                   270406 |                                      | 
 |                                               |                   270407 |                                      | 
 |                                               |                   270408 |                                      | 
 |                                               |                   270409 |                                      | 
 |                                               |                   270410 |                                      | 
 | PartonVertex:ProtonRadius                     |                  0.70000 |      0.85000         0.0    10.00000 | 
 | PartonVertex:setVertex                        |                       on |          off                         | 
 | PhaseSpace:pTHatMin                           |                  5.00000 |          0.0         0.0             | 
 | Print:errors                                  |                      off |           on                         | 
 | Print:quiet                                   |                       on |          off                         | 
 | Random:seed                                   |                   270403 |           -1               900000000 | 
 | Random:setSeed                                |                       on |          off                         | 
 | Ropewalk:doFlavour                            |                       on |          off                         | 
 | Ropewalk:doShoving                            |                       on |          off                         | 
 | Ropewalk:RopeHadronization                    |                       on |          off                         | 
 | Ropewalk:tShove                               |                  0.20000 |      1.00000         0.0   100.00000 | 
 | SoftQCD:inelastic                             |                       on |          off                         | 
 | StringZ:useOldAExtra                          |                       on |          off                         | 
 |                                                                                                                 | 
 *-------  End PYTHIA Flag + Mode + Parm + Word + FVec + MVec + PVec + WVec Settings  -----------------------------* 




 *-------  PYTHIA Error and Warning Messages Statistics  ----------------------------------------------------------* 
 |                                                                                                                 | 
 |  times   message                                                                                                | 
 |                                                                                                                 | 
 |      2   Error in Angantyr::next: could not setup DD sub-collision                                              | 
 |     20   Error in Angantyr::next: could not setup SD sub-collision                                              | 
 |     12   Error in LundFragmentation::fragment: ministring fragmentation failed                                  | 
 |     12   Error in MiniStringFragmentation::fragment: no 1- or 2-body state found above mass threshold           | 
 |      1   Error in ParticleDecays::decay: failed to find workable decay channel                                  | 
 |      2   Error in Pythia::check: charge not conserved                                                           | 
 |     11   Error in Pythia::check: energy-momentum not conserved                                                  | 
 |      3   Error in Pythia::check: unknown particle code                                                          | 
 |    612   Error in Pythia::check: unmatched particle energy/momentum/mass                                        | 
 |    110   Error in Pythia::forceHadronLevel: check of event revealed problems                                    | 
 |  14144   Error in Pythia::forceHadronLevel: hadronLevel failed; giving up                                       | 
 |     27   Error in RopeDipole::propagateInit: Tried to propagate a RopeDipoleEnd with mT <= 0                    | 
 |  94421   Error in Settings::parm: value is out of range                                                         | 
 |  21306   Error in StringFragmentation::fragment: stuck in joining                                               | 
 | 169676   Error in StringFragmentation::fragmentToJunction: diquark too close to junction                        | 
 |    307   Warning in Angantyr::next: could not setup signal or ND collisions                                     | 
 |     26   Warning in HadronWidths::pickMasses: angular momentum and running widths not used                      | 
 |   1016   Warning in MiniStringFragmentation::ministring2two: random axis needed to break tie                    | 
 | 742690   Warning in PartonVertex::vertexHadrons: unidentified junction topology not handled                     | 
 |    110   Warning in Pythia::check: energy-momentum not quite conserved                                          | 
 |    387   Warning in Pythia::check: not quite matched particle energy/momentum/mass                              | 
 | 190994   Warning in Pythia::forceHadronLevel: hadronLevel failed; try again                                     | 
 |      1   Warning in PythiaParallel::init: experimental feature, please send feedback to authors@pythia.org      | 
 |    526   Warning in StringFragmentation::collinearPair: JRF finding failure, use CoM instead                    | 
 |    200   Warning in StringFragmentation::collinearPair: soft massless endpoint encountered in junction system.  | 
 |    486   Warning in StringFragmentation::finalRegion: random axis needed to break tie                           | 
 |   1140   Warning in StringFragmentation::perturbedJRF: small junction system, two short legs                    | 
 |      7   Warning in TauDecays::decay: maximum decay weight exceeded in tau decay                                | 
 |     12   Warning in TauDecays::decay: unknown correlated tau production, assuming from unpolarized photon       | 
 |                                                                                                                 | 
 *-------  End PYTHIA Error and Warning Messages Statistics  ------------------------------------------------------* 
