Serial                        : 01
Beam Energy                   : 7000
Event Count                   : 20
Real Event Count              : 20
Last Run                      : 2026-04-04 11:11:47
Time Taken                    : 2 seconds 
Time Taken / 1000 Events      : 1 minute 47.32 seconds 
Histogram Scale               : 1
Progress Bar Update Interval  : 20
Check Interval                : 5
Lambda Mass                   : 1.115
Lambda Energy                 : 1.115
Proton Mass                   : 0.938
Pion Mass                     : 0.14
Mass Difference               : 0.037
Energy Tolerance              : 0.15
Theta Tolerance               : 0.1
Lambda Momentum               : 1.115
Lambda Transverse Momentum    : 1
Eta Extent                    : 5




 *-------  PYTHIA Flag + Mode + Parm + Word + FVec + MVec + PVec + WVec Settings (changes only)  ------------------* 
 |                                                                                                                 | 
 | Name                                          |                      Now |      Default         Min         Max | 
 |                                               |                          |                                      | 
 | BeamRemnants:remnantMode                      |                        1 |            0           0           1 | 
 | BeamRemnants:saturation                       |                  3.00000 |      5.00000     0.10000  100000.000 | 
 | Beams:eCM                                     |                 7000.000 |    14000.000         0.0             | 
 | Beams:idA                                     |               1000100200 |         2212                         | 
 | Beams:idB                                     |               1000100200 |         2212                         | 
 | ColourReconnection:allowDoubleJunRem          |                      off |           on                         | 
 | ColourReconnection:mode                       |                        1 |            0           0           4 | 
 | HeavyIon:SigFitDefAvNDb                       |                  0.98000 |          0.0                         | 
 | HeavyIon:SigFitDefPar                         |                  1.51000 |                                      | 
 |                                               |                  3.58000 |                                      | 
 |                                               |                  1.21000 |                                      | 
 | HeavyIon:SigFitNGen                           |                        0 |           20           0             | 
 | Init:showChangedParticleData                  |                      off |           on                         | 
 | Init:showChangedSettings                      |                      off |           on                         | 
 | Init:showMultipartonInteractions              |                      off |           on                         | 
 | Init:showProcesses                            |                      off |           on                         | 
 | MultipartonInteractions:pT0Ref                |                  2.50000 |      2.28000     0.50000    10.00000 | 
 | Next:numberCount                              |                        0 |         1000           0             | 
 | Next:numberShowEvent                          |                        0 |            1           0             | 
 | Next:numberShowInfo                           |                        0 |            1           0             | 
 | Next:numberShowLHA                            |                        0 |            1           0             | 
 | Next:numberShowProcess                        |                        0 |            1           0             | 
 | Parallelism:numThreads                        |                        8 |            0           0             | 
 | PartonLevel:all                               |                      off |           on                         | 
 | PartonVertex:ProtonRadius                     |                  0.70000 |      0.85000         0.0    10.00000 | 
 | PartonVertex:setVertex                        |                       on |          off                         | 
 | Print:errors                                  |                      off |           on                         | 
 | Print:quiet                                   |                       on |          off                         | 
 | ProcessLevel:all                              |                      off |           on                         | 
 | Ropewalk:doFlavour                            |                       on |          off                         | 
 | Ropewalk:doShoving                            |                       on |          off                         | 
 | Ropewalk:RopeHadronization                    |                       on |          off                         | 
 | Ropewalk:tShove                               |                  0.20000 |      1.00000         0.0   100.00000 | 
 | StringZ:useOldAExtra                          |                       on |          off                         | 
 | Tune:ee                                       |                        0 |            7          -1           7 | 
 | Tune:pp                                       |                        0 |           14          -1          33 | 
 |                                                                                                                 | 
 *-------  End PYTHIA Flag + Mode + Parm + Word + FVec + MVec + PVec + WVec Settings  -----------------------------* 




 --------  PYTHIA Info Listing  ---------------------------------------- 
 
 Beam A: id =   2212, pz =  3.500e+03, e =  3.500e+03, m =  9.383e-01.
 Beam B: id =   2112, pz = -3.500e+03, e =  3.500e+03, m =  9.396e-01.

 In 1: id =   21, x =  2.351e-05, pdf =  7.307e+01 at Q2 =  4.274e+01.
 In 2: id =    2, x =  1.508e-01, pdf =  3.539e-01 at same Q2.

 Subprocess q g -> q g with code 113 is 2 -> 2.
 It has sHat =  1.737e+02,    tHat = -9.791e+01,    uHat = -7.584e+01,
       pTHat =  6.533e+00,   m3Hat =  0.000e+00,   m4Hat =  3.300e-01,
    thetaHat =  1.698e+00,  phiHat =  1.329e+00.
     alphaEM =  7.592e-03,  alphaS =  2.234e-01    at Q2 =  4.274e+01.

 Impact parameter b =  1.850e-01 gives enhancement factor =  3.396e+00.
 Max pT scale for MPI =  6.537e+00, ISR =  6.537e+00, FSR =  6.537e+00.
 Number of MPI =    13, ISR =    26, FSRproc =    81, FSRreson =     0.

 --------  End PYTHIA Info Listing  ------------------------------------




 *-----  HeavyIon Event and Cross Section Statistics  -------------------------------------------------------------*
 |                                                                                                                 |
 | Primary NN sub-collision subprocess           Code |            Number of events       |      sigma +- delta    |
 |                                                    |       Tried   Selected   Accepted |     (estimated) (mb)   |
 |                                                    |                                   |                        |
 |-----------------------------------------------------------------------------------------------------------------|
 |                                                    |                                   |                        |
 | g g -> g g                                     111 |          11         11         11 |   8.580e+02  1.638e+02 |
 | q g -> q g                                     113 |           8          8          8 |   6.239e+02  1.915e+02 |
 | q q(bar)' -> q q(bar)'                         114 |           1          1          1 |   7.533e+01  5.219e+02 |
 | sum                                                |          48         20         20 |   1.557e+03  1.211e+02 |
 |                                                    |                                   |                        |
 |-----------------------------------------------------------------------------------------------------------------|
 |                                                                                        |                        |
 | Semi-inclusive Ne20 on Ne20 cross sections from the Glauber calculation:               |                        |
 |                                                                                        |                        |
 | Total                                                                                  |   3.300e+03  5.520e+02 |
 | Non-Diffractive                                                                        |   1.700e+03  2.840e+02 |
 | Total inelastic                                                                        |   1.846e+03  2.993e+02 |
 | Elastic                                                                                |   1.453e+03  2.743e+02 |
 | Diffractive target excitation                                                          |   7.380e+01  5.636e+01 |
 | Diffractive projectile excitation                                                      |   3.489e+00  2.626e+00 |
 | Double diffractive excitation                                                          |   6.948e+01  4.814e+01 |
 | Elastic b-slope (GeV^-2)                                                               |   3.609e+02  1.051e+02 |
 |                                                                                        |                        |
 *-----  End HeavyIon Event and Cross Section Statistics ----------------------------------------------------------*

 *-------  PYTHIA Error and Warning Messages Statistics  ----------------------------------------------------------* 
 |                                                                                                                 | 
 |  times   message                                                                                                | 
 |                                                                                                                 | 
 |      2   Error in Settings::parm: value is out of range                                                         | 
 |      5   Warning (MBIAS) in JunctionSplitting::checkColours: not possible to split junctions; making new colours | 
 |      5   Warning (MBIAS) in JunctionSplitting::splitJunPairs: parallel junction state not allowed               | 
 |      8   Warning (MBIAS) in MultipartonInteractions::init: maximum increased                                    | 
 |      1   Warning (MBIAS) in SimpleSpaceShower::pT2nextQCD: weight above unity                                   | 
 |      8   Warning (SASD) in MultipartonInteractions::init: maximum increased                                     | 
 |      4   Warning (SIGNN) in JunctionSplitting::checkColours: not possible to split junctions; making new colours | 
 |      4   Warning (SIGNN) in JunctionSplitting::splitJunPairs: parallel junction state not allowed               | 
 |      4   Warning (SIGNP) in JunctionSplitting::checkColours: made a gluon colour singlet; redoing colours       | 
 |      4   Warning (SIGNP) in JunctionSplitting::checkColours: not possible to split junctions; making new colours | 
 |      4   Warning (SIGNP) in JunctionSplitting::splitJunPairs: parallel junction state not allowed               | 
 |      4   Warning (SIGPN) in JunctionSplitting::checkColours: not possible to split junctions; making new colours | 
 |      4   Warning (SIGPN) in JunctionSplitting::splitJunPairs: parallel junction state not allowed               | 
 |      4   Warning (SIGPP) in JunctionSplitting::checkColours: not possible to split junctions; making new colours | 
 |      4   Warning (SIGPP) in JunctionSplitting::splitJunPairs: parallel junction state not allowed               | 
 |     15   Warning in PartonVertex::vertexHadrons: unidentified junction topology not handled                     | 
 |                                                                                                                 | 
 *-------  End PYTHIA Error and Warning Messages Statistics  ------------------------------------------------------* 
