Serial                        : 01
Beam Energy                   : 7000
Event Count                   : 2,000,000
Real Event Count              : 780,000
Last Run                      : 2026-04-01 12:02:35
Time Taken                    : 4 hours 51 minutes 16 seconds 
Time Taken / 1000 Events      : 8.74 seconds 
Histogram Scale               : 1
Progress Bar Update Interval  : 7,604
Check Interval                : 20,000
Lambda Mass                   : 1.115
Lambda Energy                 : 1.115
Proton Mass                   : 0.938
Pion Mass                     : 0.14
Mass Difference               : 0.037
Energy Tolerance              : 0.15
Theta Tolerance               : 0.1
Lambda Momentum               : 1.115
Lambda Transverse Momentum    : 1
Eta Extent                    : 5




 *-------  PYTHIA Flag + Mode + Parm + Word + FVec + MVec + PVec + WVec Settings (changes only)  ------------------* 
 |                                                                                                                 | 
 | Name                                          |                      Now |      Default         Min         Max | 
 |                                               |                          |                                      | 
 | BeamRemnants:remnantMode                      |                        1 |            0           0           1 | 
 | BeamRemnants:saturation                       |                  3.00000 |      5.00000     0.10000  100000.000 | 
 | Beams:eCM                                     |                 7000.000 |    14000.000         0.0             | 
 | Beams:idA                                     |               1000100200 |         2212                         | 
 | Beams:idB                                     |               1000100200 |         2212                         | 
 | ColourReconnection:allowDoubleJunRem          |                      off |           on                         | 
 | ColourReconnection:mode                       |                        1 |            0           0           4 | 
 | HeavyIon:SigFitDefAvNDb                       |                  0.98000 |          0.0                         | 
 | HeavyIon:SigFitDefPar                         |                  1.51000 |                                      | 
 |                                               |                  3.58000 |                                      | 
 |                                               |                  1.21000 |                                      | 
 | HeavyIon:SigFitNGen                           |                        0 |           20           0             | 
 | Init:showChangedParticleData                  |                      off |           on                         | 
 | Init:showChangedSettings                      |                      off |           on                         | 
 | Init:showMultipartonInteractions              |                      off |           on                         | 
 | Init:showProcesses                            |                      off |           on                         | 
 | MultipartonInteractions:pT0Ref                |                  2.50000 |      2.28000     0.50000    10.00000 | 
 | Next:numberCount                              |                        0 |         1000           0             | 
 | Next:numberShowEvent                          |                        0 |            1           0             | 
 | Next:numberShowInfo                           |                        0 |            1           0             | 
 | Next:numberShowLHA                            |                        0 |            1           0             | 
 | Next:numberShowProcess                        |                        0 |            1           0             | 
 | Parallelism:index                             |                        6 |           -1                         | 
 | Parallelism:numThreads                        |                        8 |            0           0             | 
 | Parallelism:seeds                             |                 19780503 |                                      | 
 |                                               |                 19780504 |                                      | 
 |                                               |                 19780505 |                                      | 
 |                                               |                 19780506 |                                      | 
 |                                               |                 19780507 |                                      | 
 |                                               |                 19780508 |                                      | 
 |                                               |                 19780509 |                                      | 
 |                                               |                 19780510 |                                      | 
 | PartonLevel:all                               |                      off |           on                         | 
 | PartonVertex:ProtonRadius                     |                  0.70000 |      0.85000         0.0    10.00000 | 
 | PartonVertex:setVertex                        |                       on |          off                         | 
 | Print:errors                                  |                      off |           on                         | 
 | Print:quiet                                   |                       on |          off                         | 
 | ProcessLevel:all                              |                      off |           on                         | 
 | Random:seed                                   |                 19780509 |           -1               900000000 | 
 | Random:setSeed                                |                       on |          off                         | 
 | Ropewalk:doFlavour                            |                       on |          off                         | 
 | Ropewalk:doShoving                            |                       on |          off                         | 
 | Ropewalk:RopeHadronization                    |                       on |          off                         | 
 | Ropewalk:tShove                               |                  0.20000 |      1.00000         0.0   100.00000 | 
 | StringFlav:kappa                              |                  0.30000 |      0.20000         0.0    10.00000 | 
 | StringFlav:probQQ1toQQ0                       |                0.0911077 |    0.0275000         0.0     1.00000 | 
 | StringFlav:probQQtoQ                          |                  0.15161 |    0.0810000         0.0     1.00000 | 
 | StringFlav:probSQtoQQ                         |                  0.94250 |      0.91500         0.0     1.00000 | 
 | StringFlav:probStoUD                          |                  0.36111 |      0.21700         0.0     1.00000 | 
 | StringPT:sigma                                |                  0.41029 |      0.33500         0.0     1.00000 | 
 | StringZ:aExtraDiquark                         |                  0.90000 |      0.97000         0.0     2.00000 | 
 | StringZ:aLund                                 |                  0.56900 |      0.68000         0.0     2.00000 | 
 | StringZ:bLund                                 |                  1.04370 |      0.98000     0.20000     2.00000 | 
 | StringZ:useOldAExtra                          |                       on |          off                         | 
 | Tune:ee                                       |                        0 |            7          -1           7 | 
 | Tune:pp                                       |                        0 |           14          -1          33 | 
 |                                                                                                                 | 
 *-------  End PYTHIA Flag + Mode + Parm + Word + FVec + MVec + PVec + WVec Settings  -----------------------------* 




 --------  PYTHIA Info Listing  ---------------------------------------- 
 
 Beam A: id =   2212, pz =  3.500e+03, e =  3.500e+03, m =  9.383e-01.
 Beam B: id =   2112, pz = -3.500e+03, e =  3.500e+03, m =  9.396e-01.

 In 1: id =   21, x =  4.569e-03, pdf =  8.963e+00 at Q2 =  3.255e+01.
 In 2: id =    2, x =  1.888e-01, pdf =  3.212e-01 at same Q2.

 Subprocess q g -> q g with code 113 is 2 -> 2.
 It has sHat =  4.226e+04,    tHat = -3.257e+01,    uHat = -4.223e+04,
       pTHat =  5.705e+00,   m3Hat =  0.000e+00,   m4Hat =  3.300e-01,
    thetaHat =  5.553e-02,  phiHat =  2.957e+00.
     alphaEM =  7.581e-03,  alphaS =  2.320e-01    at Q2 =  3.255e+01.

 Impact parameter b =  7.921e-01 gives enhancement factor =  1.221e+00.
 Max pT scale for MPI =  5.705e+00, ISR =  5.705e+00, FSR =  5.705e+00.
 Number of MPI =     6, ISR =    12, FSRproc =    50, FSRreson =     0.

 --------  End PYTHIA Info Listing  ------------------------------------




 *-----  HeavyIon Event and Cross Section Statistics  -------------------------------------------------------------*
 |                                                                                                                 |
 | Primary NN sub-collision subprocess           Code |            Number of events       |      sigma +- delta    |
 |                                                    |       Tried   Selected   Accepted |     (estimated) (mb)   |
 |                                                    |                                   |                        |
 |-----------------------------------------------------------------------------------------------------------------|
 |                                                    |                                   |                        |
 | g g -> g g                                     111 |       64730      64730      64730 |   9.097e+02  2.924e-02 |
 | g g -> q qbar (uds)                            112 |        1049       1049       1049 |   1.468e+01  2.286e-01 |
 | q g -> q g                                     113 |       28772      28772      28772 |   4.045e+02  4.389e-02 |
 | q q(bar)' -> q q(bar)'                         114 |        2376       2376       2376 |   3.324e+01  1.519e-01 |
 | q qbar -> g g                                  115 |          25         25         25 |   3.616e-01  1.533e+00 |
 | q qbar -> q' qbar' (uds)                       116 |          12         12         12 |   1.704e-01  2.172e+00 |
 | g g -> c cbar                                  121 |         317        317        317 |   4.475e+00  4.197e-01 |
 | q qbar -> c cbar                               122 |           4          4          4 |   5.171e-02  3.406e+00 |
 | g g -> b bbar                                  123 |         153        153        153 |   2.152e+00  6.020e-01 |
 | q qbar -> b bbar                               124 |           2          2          2 |   3.074e-02  5.706e+00 |
 | sum                                                |      275345      97440      97440 |   1.369e+03  2.383e-02 |
 |                                                    |                                   |                        |
 |-----------------------------------------------------------------------------------------------------------------|
 |                                                                                        |                        |
 | Semi-inclusive Ne20 on Ne20 cross sections from the Glauber calculation:               |                        |
 |                                                                                        |                        |
 | Total                                                                                  |   2.900e+03  7.018e+00 |
 | Non-Diffractive                                                                        |   1.474e+03  3.566e+00 |
 | Total inelastic                                                                        |   1.632e+03  3.905e+00 |
 | Elastic                                                                                |   1.268e+03  3.425e+00 |
 | Diffractive target excitation                                                          |   5.045e+01  6.645e-01 |
 | Diffractive projectile excitation                                                      |   5.022e+01  6.620e-01 |
 | Double diffractive excitation                                                          |   5.762e+01  5.077e-01 |
 | Elastic b-slope (GeV^-2)                                                               |   3.266e+02  1.341e+00 |
 |                                                                                        |                        |
 *-----  End HeavyIon Event and Cross Section Statistics ----------------------------------------------------------*

 *-------  PYTHIA Error and Warning Messages Statistics  ----------------------------------------------------------* 
 |                                                                                                                 | 
 |  times   message                                                                                                | 
 |                                                                                                                 | 
 |    663   Error (MBIAS) in SimpleSpaceShower::pT2nearThreshold: stuck in loop                                    | 
 |     21   Error (SASD) in SimpleSpaceShower::pT2nearThreshold: stuck in loop                                     | 
 |     78   Error (SIGNN) in SimpleSpaceShower::pT2nearThreshold: stuck in loop                                    | 
 |     27   Error (SIGNP) in SimpleSpaceShower::pT2nearThreshold: stuck in loop                                    | 
 |    170   Error (SIGPN) in SimpleSpaceShower::pT2nearThreshold: stuck in loop                                    | 
 |     94   Error (SIGPP) in SimpleSpaceShower::pT2nearThreshold: stuck in loop                                    | 
 |      2   Error in Angantyr::next: could not setup SD sub-collision                                              | 
 |      1   Error in LundFragmentation::fragment: ministring fragmentation failed                                  | 
 |      1   Error in MiniStringFragmentation::fragment: no 1- or 2-body state found above mass threshold           | 
 |      2   Error in Pythia::check: energy-momentum not conserved                                                  | 
 |      1   Error in Pythia::check: unknown particle code                                                          | 
 |     59   Error in Pythia::check: unmatched particle energy/momentum/mass                                        | 
 |     13   Error in Pythia::forceHadronLevel: check of event revealed problems                                    | 
 |   1416   Error in Pythia::forceHadronLevel: hadronLevel failed; giving up                                       | 
 |      2   Error in RopeDipole::propagateInit: Tried to propagate a RopeDipoleEnd with mT <= 0                    | 
 |   9164   Error in Settings::parm: value is out of range                                                         | 
 |   2105   Error in StringFragmentation::fragment: stuck in joining                                               | 
 |  17172   Error in StringFragmentation::fragmentToJunction: diquark too close to junction                        | 
 |    882   Warning (MBIAS) in ColourReconnection::addJunctionIndices: skipping junction-junction connection       | 
 |  21694   Warning (MBIAS) in JunctionSplitting::checkColours: made a gluon colour singlet; redoing colours       | 
 |  36818   Warning (MBIAS) in JunctionSplitting::checkColours: not possible to split junctions; making new colours | 
 |  36818   Warning (MBIAS) in JunctionSplitting::splitJunPairs: parallel junction state not allowed               | 
 |     16   Warning (MBIAS) in MultipartonInteractions::init: maximum increased                                    | 
 |     56   Warning (MBIAS) in MultipartonInteractions::pTfirst: weight above unity                                | 
 |    103   Warning (MBIAS) in MultipartonInteractions::pTnext: weight above unity                                 | 
 |     74   Warning (MBIAS) in Pythia::check: energy-momentum not quite conserved                                  | 
 |    105   Warning (MBIAS) in SimpleSpaceShower::pT2nextQCD: small daughter PDF                                   | 
 |  23489   Warning (MBIAS) in SimpleSpaceShower::pT2nextQCD: weight above unity                                   | 
 |    112   Warning (SASD) in JunctionSplitting::checkColours: not possible to split junctions; making new colours | 
 |    112   Warning (SASD) in JunctionSplitting::splitJunPairs: parallel junction state not allowed                | 
 |     16   Warning (SASD) in MultipartonInteractions::init: maximum increased                                     | 
 |     32   Warning (SASD) in MultipartonInteractions::pTfirst: weight above unity                                 | 
 |      8   Warning (SASD) in MultipartonInteractions::pTnext: weight above unity                                  | 
 |      1   Warning (SASD) in SimpleSpaceShower::pT2nextQCD: small daughter PDF                                    | 
 |    752   Warning (SASD) in SimpleSpaceShower::pT2nextQCD: weight above unity                                    | 
 |    150   Warning (SIGNN) in ColourReconnection::addJunctionIndices: skipping junction-junction connection       | 
 |   2386   Warning (SIGNN) in JunctionSplitting::checkColours: made a gluon colour singlet; redoing colours       | 
 |   5075   Warning (SIGNN) in JunctionSplitting::checkColours: not possible to split junctions; making new colours | 
 |   5075   Warning (SIGNN) in JunctionSplitting::splitJunPairs: parallel junction state not allowed               | 
 |      7   Warning (SIGNN) in MultipartonInteractions::pTnext: weight above unity                                 | 
 |     44   Warning (SIGNN) in SimpleSpaceShower::pT2nextQCD: weight above unity                                   | 
 |    175   Warning (SIGNP) in ColourReconnection::addJunctionIndices: skipping junction-junction connection       | 
 |   2502   Warning (SIGNP) in JunctionSplitting::checkColours: made a gluon colour singlet; redoing colours       | 
 |   5125   Warning (SIGNP) in JunctionSplitting::checkColours: not possible to split junctions; making new colours | 
 |   5125   Warning (SIGNP) in JunctionSplitting::splitJunPairs: parallel junction state not allowed               | 
 |     10   Warning (SIGNP) in MultipartonInteractions::pTnext: weight above unity                                 | 
 |     27   Warning (SIGNP) in Pythia::check: energy-momentum not quite conserved                                  | 
 |     65   Warning (SIGNP) in SimpleSpaceShower::pT2nextQCD: weight above unity                                   | 
 |    114   Warning (SIGPN) in ColourReconnection::addJunctionIndices: skipping junction-junction connection       | 
 |   2455   Warning (SIGPN) in JunctionSplitting::checkColours: made a gluon colour singlet; redoing colours       | 
 |   5200   Warning (SIGPN) in JunctionSplitting::checkColours: not possible to split junctions; making new colours | 
 |   5200   Warning (SIGPN) in JunctionSplitting::splitJunPairs: parallel junction state not allowed               | 
 |     14   Warning (SIGPN) in MultipartonInteractions::pTnext: weight above unity                                 | 
 |     12   Warning (SIGPN) in Pythia::check: energy-momentum not quite conserved                                  | 
 |      5   Warning (SIGPN) in SimpleSpaceShower::pT2nextQCD: small daughter PDF                                   | 
 |     65   Warning (SIGPN) in SimpleSpaceShower::pT2nextQCD: weight above unity                                   | 
 |   2350   Warning (SIGPP) in JunctionSplitting::checkColours: made a gluon colour singlet; redoing colours       | 
 |   5244   Warning (SIGPP) in JunctionSplitting::checkColours: not possible to split junctions; making new colours | 
 |   5244   Warning (SIGPP) in JunctionSplitting::splitJunPairs: parallel junction state not allowed               | 
 |     17   Warning (SIGPP) in MultipartonInteractions::pTnext: weight above unity                                 | 
 |     10   Warning (SIGPP) in Pythia::check: energy-momentum not quite conserved                                  | 
 |     55   Warning (SIGPP) in SimpleSpaceShower::pT2nextQCD: weight above unity                                   | 
 |     39   Warning in Angantyr::next: could not setup signal or ND collisions                                     | 
 |     82   Warning in MiniStringFragmentation::ministring2two: random axis needed to break tie                    | 
 |  72163   Warning in PartonVertex::vertexHadrons: unidentified junction topology not handled                     | 
 |     11   Warning in Pythia::check: energy-momentum not quite conserved                                          | 
 |     39   Warning in Pythia::check: not quite matched particle energy/momentum/mass                              | 
 |  19278   Warning in Pythia::forceHadronLevel: hadronLevel failed; try again                                     | 
 |     41   Warning in StringFragmentation::collinearPair: JRF finding failure, use CoM instead                    | 
 |     17   Warning in StringFragmentation::collinearPair: soft massless endpoint encountered in junction system.  | 
 |     52   Warning in StringFragmentation::finalRegion: random axis needed to break tie                           | 
 |    112   Warning in StringFragmentation::perturbedJRF: small junction system, two short legs                    | 
 |      3   Warning in TauDecays::decay: unknown correlated tau production, assuming from unpolarized photon       | 
 |                                                                                                                 | 
 *-------  End PYTHIA Error and Warning Messages Statistics  ------------------------------------------------------* 
