Serial                        : 02
Beam Energy                   : 7000
Event Count                   : 20,000
Real Event Count              : 20,000
Last Run                      : 2026-04-02 22:48:37
Time Taken                    : 3 minutes 18 seconds 
Time Taken / 1000 Events      : 9.93 seconds 
Histogram Scale               : 1
Progress Bar Update Interval  : 85
Check Interval                : 20,000
Lambda Mass                   : 1.115
Lambda Energy                 : 1.115
Proton Mass                   : 0.938
Pion Mass                     : 0.14
Mass Difference               : 0.037
Energy Tolerance              : 0.15
Theta Tolerance               : 0.1
Lambda Momentum               : 1.115
Lambda Transverse Momentum    : 1
Eta Extent                    : 5




 *-------  PYTHIA Flag + Mode + Parm + Word + FVec + MVec + PVec + WVec Settings (changes only)  ------------------* 
 |                                                                                                                 | 
 | Name                                          |                      Now |      Default         Min         Max | 
 |                                               |                          |                                      | 
 | BeamRemnants:remnantMode                      |                        1 |            0           0           1 | 
 | BeamRemnants:saturation                       |                  3.00000 |      5.00000     0.10000  100000.000 | 
 | Beams:eCM                                     |                 7000.000 |    14000.000         0.0             | 
 | Beams:idA                                     |               1000100200 |         2212                         | 
 | Beams:idB                                     |               1000100200 |         2212                         | 
 | ColourReconnection:allowDoubleJunRem          |                      off |           on                         | 
 | ColourReconnection:mode                       |                        1 |            0           0           4 | 
 | HeavyIon:SigFitDefAvNDb                       |                  0.98000 |          0.0                         | 
 | HeavyIon:SigFitDefPar                         |                  1.51000 |                                      | 
 |                                               |                  3.58000 |                                      | 
 |                                               |                  1.21000 |                                      | 
 | HeavyIon:SigFitNGen                           |                        0 |           20           0             | 
 | Init:showChangedParticleData                  |                      off |           on                         | 
 | Init:showChangedSettings                      |                      off |           on                         | 
 | Init:showMultipartonInteractions              |                      off |           on                         | 
 | Init:showProcesses                            |                      off |           on                         | 
 | MultipartonInteractions:pT0Ref                |                  2.50000 |      2.28000     0.50000    10.00000 | 
 | Next:numberCount                              |                        0 |         1000           0             | 
 | Next:numberShowEvent                          |                        0 |            1           0             | 
 | Next:numberShowInfo                           |                        0 |            1           0             | 
 | Next:numberShowLHA                            |                        0 |            1           0             | 
 | Next:numberShowProcess                        |                        0 |            1           0             | 
 | Parallelism:index                             |                        0 |           -1                         | 
 | Parallelism:numThreads                        |                       20 |            0           0             | 
 | Parallelism:seeds                             |                 19780503 |                                      | 
 |                                               |                 19780504 |                                      | 
 |                                               |                 19780505 |                                      | 
 |                                               |                 19780506 |                                      | 
 |                                               |                 19780507 |                                      | 
 |                                               |                 19780508 |                                      | 
 |                                               |                 19780509 |                                      | 
 |                                               |                 19780510 |                                      | 
 |                                               |                 19780511 |                                      | 
 |                                               |                 19780512 |                                      | 
 |                                               |                 19780513 |                                      | 
 |                                               |                 19780514 |                                      | 
 |                                               |                 19780515 |                                      | 
 |                                               |                 19780516 |                                      | 
 |                                               |                 19780517 |                                      | 
 |                                               |                 19780518 |                                      | 
 |                                               |                 19780519 |                                      | 
 |                                               |                 19780520 |                                      | 
 |                                               |                 19780521 |                                      | 
 |                                               |                 19780522 |                                      | 
 | PartonLevel:all                               |                      off |           on                         | 
 | PartonVertex:ProtonRadius                     |                  0.70000 |      0.85000         0.0    10.00000 | 
 | PartonVertex:setVertex                        |                       on |          off                         | 
 | Print:errors                                  |                      off |           on                         | 
 | Print:quiet                                   |                       on |          off                         | 
 | ProcessLevel:all                              |                      off |           on                         | 
 | Random:seed                                   |                 19780503 |           -1               900000000 | 
 | Random:setSeed                                |                       on |          off                         | 
 | Ropewalk:doFlavour                            |                       on |          off                         | 
 | Ropewalk:doShoving                            |                       on |          off                         | 
 | Ropewalk:RopeHadronization                    |                       on |          off                         | 
 | Ropewalk:tShove                               |                  0.20000 |      1.00000         0.0   100.00000 | 
 | StringZ:useOldAExtra                          |                       on |          off                         | 
 | Tune:ee                                       |                        0 |            7          -1           7 | 
 | Tune:pp                                       |                        0 |           14          -1          33 | 
 |                                                                                                                 | 
 *-------  End PYTHIA Flag + Mode + Parm + Word + FVec + MVec + PVec + WVec Settings  -----------------------------* 




 --------  PYTHIA Info Listing  ---------------------------------------- 
 
 Beam A: id =   2212, pz =  3.500e+03, e =  3.500e+03, m =  9.383e-01.
 Beam B: id =   2112, pz = -3.500e+03, e =  3.500e+03, m =  9.396e-01.

 In 1: id =   21, x =  1.898e-01, pdf =  5.622e-01 at Q2 =  3.768e+01.
 In 2: id =   21, x =  8.704e-05, pdf =  4.489e+01 at same Q2.

 Subprocess g g -> g g with code 111 is 2 -> 2.
 It has sHat =  8.093e+02,    tHat = -7.697e+02,    uHat = -3.961e+01,
       pTHat =  6.138e+00,   m3Hat =  0.000e+00,   m4Hat =  0.000e+00,
    thetaHat =  2.695e+00,  phiHat =  4.969e+00.
     alphaEM =  7.587e-03,  alphaS =  2.273e-01    at Q2 =  3.768e+01.

 Impact parameter b =  1.960e-01 gives enhancement factor =  3.368e+00.
 Max pT scale for MPI =  6.138e+00, ISR =  6.138e+00, FSR =  6.138e+00.
 Number of MPI =    11, ISR =    25, FSRproc =    76, FSRreson =     0.

 --------  End PYTHIA Info Listing  ------------------------------------




 *-----  HeavyIon Event and Cross Section Statistics  -------------------------------------------------------------*
 |                                                                                                                 |
 | Primary NN sub-collision subprocess           Code |            Number of events       |      sigma +- delta    |
 |                                                    |       Tried   Selected   Accepted |     (estimated) (mb)   |
 |                                                    |                                   |                        |
 |-----------------------------------------------------------------------------------------------------------------|
 |                                                    |                                   |                        |
 | g g -> g g                                     111 |         676        676        676 |   8.794e+02  2.746e+00 |
 | g g -> q qbar (uds)                            112 |          11         11         11 |   1.403e+01  2.118e+01 |
 | q g -> q g                                     113 |         292        292        292 |   3.766e+02  4.137e+00 |
 | q q(bar)' -> q q(bar)'                         114 |          19         19         19 |   2.440e+01  1.614e+01 |
 | g g -> c cbar                                  121 |           1          1          1 |   1.421e+00  7.731e+01 |
 | g g -> b bbar                                  123 |           1          1          1 |   1.389e+00  7.558e+01 |
 | sum                                                |        2961       1000       1000 |   1.297e+03  2.251e+00 |
 |                                                    |                                   |                        |
 |-----------------------------------------------------------------------------------------------------------------|
 |                                                                                        |                        |
 | Semi-inclusive Ne20 on Ne20 cross sections from the Glauber calculation:               |                        |
 |                                                                                        |                        |
 | Total                                                                                  |   2.807e+03  6.704e+01 |
 | Non-Diffractive                                                                        |   1.426e+03  3.406e+01 |
 | Total inelastic                                                                        |   1.587e+03  3.759e+01 |
 | Elastic                                                                                |   1.220e+03  3.265e+01 |
 | Diffractive target excitation                                                          |   5.119e+01  6.646e+00 |
 | Diffractive projectile excitation                                                      |   5.455e+01  6.966e+00 |
 | Double diffractive excitation                                                          |   5.543e+01  5.002e+00 |
 | Elastic b-slope (GeV^-2)                                                               |   3.265e+02  1.309e+01 |
 |                                                                                        |                        |
 *-----  End HeavyIon Event and Cross Section Statistics ----------------------------------------------------------*

 *-------  PYTHIA Error and Warning Messages Statistics  ----------------------------------------------------------* 
 |                                                                                                                 | 
 |  times   message                                                                                                | 
 |                                                                                                                 | 
 |      2   Error (MBIAS) in SimpleSpaceShower::pT2nearThreshold: stuck in loop                                    | 
 |     15   Error in Pythia::forceHadronLevel: hadronLevel failed; giving up                                       | 
 |     97   Error in Settings::parm: value is out of range                                                         | 
 |     15   Error in StringFragmentation::fragment: stuck in joining                                               | 
 |    201   Error in StringFragmentation::fragmentToJunction: diquark too close to junction                        | 
 |     72   Warning (MBIAS) in JunctionSplitting::checkColours: made a gluon colour singlet; redoing colours       | 
 |     72   Warning (MBIAS) in JunctionSplitting::checkColours: not possible to split junctions; making new colours | 
 |     72   Warning (MBIAS) in JunctionSplitting::splitJunPairs: parallel junction state not allowed               | 
 |      2   Warning (MBIAS) in MultipartonInteractions::init: maximum increased                                    | 
 |      1   Warning (MBIAS) in Pythia::check: energy-momentum not quite conserved                                  | 
 |      1   Warning (MBIAS) in SimpleSpaceShower::pT2nextQCD: small daughter PDF                                   | 
 |     40   Warning (MBIAS) in SimpleSpaceShower::pT2nextQCD: weight above unity                                   | 
 |      2   Warning (SASD) in MultipartonInteractions::init: maximum increased                                     | 
 |      4   Warning (SIGNN) in JunctionSplitting::checkColours: made a gluon colour singlet; redoing colours       | 
 |      4   Warning (SIGNN) in JunctionSplitting::checkColours: not possible to split junctions; making new colours | 
 |      4   Warning (SIGNN) in JunctionSplitting::splitJunPairs: parallel junction state not allowed               | 
 |      8   Warning (SIGNP) in JunctionSplitting::checkColours: made a gluon colour singlet; redoing colours       | 
 |     16   Warning (SIGNP) in JunctionSplitting::checkColours: not possible to split junctions; making new colours | 
 |     16   Warning (SIGNP) in JunctionSplitting::splitJunPairs: parallel junction state not allowed               | 
 |      4   Warning (SIGPN) in JunctionSplitting::checkColours: made a gluon colour singlet; redoing colours       | 
 |     10   Warning (SIGPN) in JunctionSplitting::checkColours: not possible to split junctions; making new colours | 
 |     10   Warning (SIGPN) in JunctionSplitting::splitJunPairs: parallel junction state not allowed               | 
 |      8   Warning (SIGPP) in JunctionSplitting::checkColours: made a gluon colour singlet; redoing colours       | 
 |     10   Warning (SIGPP) in JunctionSplitting::checkColours: not possible to split junctions; making new colours | 
 |     10   Warning (SIGPP) in JunctionSplitting::splitJunPairs: parallel junction state not allowed               | 
 |      1   Warning (SIGPP) in SimpleSpaceShower::pT2nextQCD: weight above unity                                   | 
 |      1   Warning in MiniStringFragmentation::ministring2two: random axis needed to break tie                    | 
 |    822   Warning in PartonVertex::vertexHadrons: unidentified junction topology not handled                     | 
 |    216   Warning in Pythia::forceHadronLevel: hadronLevel failed; try again                                     | 
 |      1   Warning in StringFragmentation::collinearPair: JRF finding failure, use CoM instead                    | 
 |      1   Warning in StringFragmentation::finalRegion: random axis needed to break tie                           | 
 |                                                                                                                 | 
 *-------  End PYTHIA Error and Warning Messages Statistics  ------------------------------------------------------* 
