Serial                        : 01
Beam Energy                   : 7000
Event Count                   : 100,000
Real Event Count              : 100,000
Last Run                      : 2026-04-01 11:06:12
Time Taken                    : 31 minutes 47 seconds 
Time Taken / 1000 Events      : 19.07 seconds 
Histogram Scale               : 1
Progress Bar Update Interval  : 380
Check Interval                : 20,000
Lambda Mass                   : 1.115
Lambda Energy                 : 1.115
Proton Mass                   : 0.938
Pion Mass                     : 0.14
Mass Difference               : 0.037
Energy Tolerance              : 0.15
Theta Tolerance               : 0.1
Lambda Momentum               : 1.115
Lambda Transverse Momentum    : 1
Eta Extent                    : 5




 *-------  PYTHIA Flag + Mode + Parm + Word + FVec + MVec + PVec + WVec Settings (changes only)  ------------------* 
 |                                                                                                                 | 
 | Name                                          |                      Now |      Default         Min         Max | 
 |                                               |                          |                                      | 
 | BeamRemnants:remnantMode                      |                        1 |            0           0           1 | 
 | BeamRemnants:saturation                       |                  3.00000 |      5.00000     0.10000  100000.000 | 
 | Beams:eCM                                     |                 7000.000 |    14000.000         0.0             | 
 | Beams:idA                                     |               1000100200 |         2212                         | 
 | Beams:idB                                     |               1000100200 |         2212                         | 
 | ColourReconnection:allowDoubleJunRem          |                      off |           on                         | 
 | ColourReconnection:mode                       |                        1 |            0           0           4 | 
 | HeavyIon:SigFitDefAvNDb                       |                  0.98000 |          0.0                         | 
 | HeavyIon:SigFitDefPar                         |                  1.51000 |                                      | 
 |                                               |                  3.58000 |                                      | 
 |                                               |                  1.21000 |                                      | 
 | HeavyIon:SigFitNGen                           |                        0 |           20           0             | 
 | Init:showChangedParticleData                  |                      off |           on                         | 
 | Init:showChangedSettings                      |                      off |           on                         | 
 | Init:showMultipartonInteractions              |                      off |           on                         | 
 | Init:showProcesses                            |                      off |           on                         | 
 | MultipartonInteractions:pT0Ref                |                  2.50000 |      2.28000     0.50000    10.00000 | 
 | Next:numberCount                              |                        0 |         1000           0             | 
 | Next:numberShowEvent                          |                        0 |            1           0             | 
 | Next:numberShowInfo                           |                        0 |            1           0             | 
 | Next:numberShowLHA                            |                        0 |            1           0             | 
 | Next:numberShowProcess                        |                        0 |            1           0             | 
 | Parallelism:index                             |                        8 |           -1                         | 
 | Parallelism:numThreads                        |                       10 |            0           0             | 
 | Parallelism:seeds                             |                 19780503 |                                      | 
 |                                               |                 19780504 |                                      | 
 |                                               |                 19780505 |                                      | 
 |                                               |                 19780506 |                                      | 
 |                                               |                 19780507 |                                      | 
 |                                               |                 19780508 |                                      | 
 |                                               |                 19780509 |                                      | 
 |                                               |                 19780510 |                                      | 
 |                                               |                 19780511 |                                      | 
 |                                               |                 19780512 |                                      | 
 | PartonLevel:all                               |                      off |           on                         | 
 | PartonVertex:ProtonRadius                     |                  0.70000 |      0.85000         0.0    10.00000 | 
 | PartonVertex:setVertex                        |                       on |          off                         | 
 | Print:errors                                  |                      off |           on                         | 
 | Print:quiet                                   |                       on |          off                         | 
 | ProcessLevel:all                              |                      off |           on                         | 
 | Random:seed                                   |                 19780511 |           -1               900000000 | 
 | Random:setSeed                                |                       on |          off                         | 
 | Ropewalk:doFlavour                            |                       on |          off                         | 
 | Ropewalk:doShoving                            |                       on |          off                         | 
 | Ropewalk:RopeHadronization                    |                       on |          off                         | 
 | Ropewalk:tShove                               |                  0.20000 |      1.00000         0.0   100.00000 | 
 | StringZ:useOldAExtra                          |                       on |          off                         | 
 | Tune:ee                                       |                        0 |            7          -1           7 | 
 | Tune:pp                                       |                        0 |           14          -1          33 | 
 |                                                                                                                 | 
 *-------  End PYTHIA Flag + Mode + Parm + Word + FVec + MVec + PVec + WVec Settings  -----------------------------* 




 --------  PYTHIA Info Listing  ---------------------------------------- 
 
 Beam A: id =   2212, pz =  3.500e+03, e =  3.500e+03, m =  9.383e-01.
 Beam B: id =   2112, pz = -3.500e+03, e =  3.500e+03, m =  9.396e-01.

 In 1: id =   21, x =  9.461e-02, pdf =  1.218e+00 at Q2 =  4.284e+01.
 In 2: id =   21, x =  5.668e-03, pdf =  8.394e+00 at same Q2.

 Subprocess g g -> g g with code 111 is 2 -> 2.
 It has sHat =  2.627e+04,    tHat = -2.623e+04,    uHat = -4.291e+01,
       pTHat =  6.545e+00,   m3Hat =  0.000e+00,   m4Hat =  0.000e+00,
    thetaHat =  3.061e+00,  phiHat =  2.195e+00.
     alphaEM =  7.592e-03,  alphaS =  2.233e-01    at Q2 =  4.284e+01.

 Impact parameter b =  7.607e-01 gives enhancement factor =  1.321e+00.
 Max pT scale for MPI =  6.545e+00, ISR =  6.545e+00, FSR =  6.545e+00.
 Number of MPI =     7, ISR =    14, FSRproc =    64, FSRreson =     0.

 --------  End PYTHIA Info Listing  ------------------------------------




 *-----  HeavyIon Event and Cross Section Statistics  -------------------------------------------------------------*
 |                                                                                                                 |
 | Primary NN sub-collision subprocess           Code |            Number of events       |      sigma +- delta    |
 |                                                    |       Tried   Selected   Accepted |     (estimated) (mb)   |
 |                                                    |                                   |                        |
 |-----------------------------------------------------------------------------------------------------------------|
 |                                                    |                                   |                        |
 | g g -> g g                                     111 |        6588       6588       6588 |   9.066e+02  2.864e-01 |
 | g g -> q qbar (uds)                            112 |         124        124        124 |   1.703e+01  2.080e+00 |
 | q g -> q g                                     113 |        2970       2970       2970 |   4.099e+02  4.278e-01 |
 | q q(bar)' -> q q(bar)'                         114 |         253        253        253 |   3.490e+01  1.464e+00 |
 | q qbar -> g g                                  115 |           4          4          4 |   5.243e-01  1.101e+01 |
 | q qbar -> q' qbar' (uds)                       116 |           2          2          2 |   2.638e-01  1.575e+01 |
 | g g -> c cbar                                  121 |          34         34         34 |   4.751e+00  4.063e+00 |
 | q qbar -> c cbar                               122 |           1          1          1 |   1.394e-01  2.335e+01 |
 | g g -> b bbar                                  123 |          23         23         23 |   3.138e+00  4.818e+00 |
 | q qbar -> b bbar                               124 |           1          1          1 |   1.265e-01  2.119e+01 |
 | sum                                                |       28050      10000      10000 |   1.377e+03  2.327e-01 |
 |                                                    |                                   |                        |
 |-----------------------------------------------------------------------------------------------------------------|
 |                                                                                        |                        |
 | Semi-inclusive Ne20 on Ne20 cross sections from the Glauber calculation:               |                        |
 |                                                                                        |                        |
 | Total                                                                                  |   2.912e+03  2.195e+01 |
 | Non-Diffractive                                                                        |   1.479e+03  1.115e+01 |
 | Total inelastic                                                                        |   1.637e+03  1.220e+01 |
 | Elastic                                                                                |   1.275e+03  1.073e+01 |
 | Diffractive target excitation                                                          |   5.043e+01  2.083e+00 |
 | Diffractive projectile excitation                                                      |   5.092e+01  2.107e+00 |
 | Double diffractive excitation                                                          |   5.597e+01  1.581e+00 |
 | Elastic b-slope (GeV^-2)                                                               |   3.207e+02  4.087e+00 |
 |                                                                                        |                        |
 *-----  End HeavyIon Event and Cross Section Statistics ----------------------------------------------------------*

 *-------  PYTHIA Error and Warning Messages Statistics  ----------------------------------------------------------* 
 |                                                                                                                 | 
 |  times   message                                                                                                | 
 |                                                                                                                 | 
 |     11   Error (MBIAS) in SimpleSpaceShower::pT2nearThreshold: stuck in loop                                    | 
 |     11   Error (SIGNN) in SimpleSpaceShower::pT2nearThreshold: stuck in loop                                    | 
 |      1   Error (SIGNP) in SimpleSpaceShower::pT2nearThreshold: stuck in loop                                    | 
 |      6   Error (SIGPN) in SimpleSpaceShower::pT2nearThreshold: stuck in loop                                    | 
 |      1   Error (SIGPP) in SimpleSpaceShower::pT2nearThreshold: stuck in loop                                    | 
 |      1   Error in Pythia::check: charge not conserved                                                           | 
 |      1   Error in Pythia::check: unknown particle code                                                          | 
 |      1   Error in Pythia::forceHadronLevel: check of event revealed problems                                    | 
 |    155   Error in Pythia::forceHadronLevel: hadronLevel failed; giving up                                       | 
 |      1   Error in RopeDipole::propagateInit: Tried to propagate a RopeDipoleEnd with mT <= 0                    | 
 |    938   Error in Settings::parm: value is out of range                                                         | 
 |    194   Error in StringFragmentation::fragment: stuck in joining                                               | 
 |   1886   Error in StringFragmentation::fragmentToJunction: diquark too close to junction                        | 
 |     14   Warning (MBIAS) in ColourReconnection::addJunctionIndices: skipping junction-junction connection       | 
 |    428   Warning (MBIAS) in JunctionSplitting::checkColours: made a gluon colour singlet; redoing colours       | 
 |    714   Warning (MBIAS) in JunctionSplitting::checkColours: not possible to split junctions; making new colours | 
 |    714   Warning (MBIAS) in JunctionSplitting::splitJunPairs: parallel junction state not allowed               | 
 |      2   Warning (MBIAS) in MultipartonInteractions::init: maximum increased                                    | 
 |      2   Warning (MBIAS) in MultipartonInteractions::pTfirst: weight above unity                                | 
 |      3   Warning (MBIAS) in MultipartonInteractions::pTnext: weight above unity                                 | 
 |      3   Warning (MBIAS) in Pythia::check: energy-momentum not quite conserved                                  | 
 |      1   Warning (MBIAS) in SimpleSpaceShower::pT2nextQCD: small daughter PDF                                   | 
 |    498   Warning (MBIAS) in SimpleSpaceShower::pT2nextQCD: weight above unity                                   | 
 |      5   Warning (SASD) in JunctionSplitting::checkColours: not possible to split junctions; making new colours | 
 |      5   Warning (SASD) in JunctionSplitting::splitJunPairs: parallel junction state not allowed                | 
 |      2   Warning (SASD) in MultipartonInteractions::init: maximum increased                                     | 
 |     19   Warning (SASD) in SimpleSpaceShower::pT2nextQCD: weight above unity                                    | 
 |     21   Warning (SIGNN) in ColourReconnection::addJunctionIndices: skipping junction-junction connection       | 
 |     50   Warning (SIGNN) in JunctionSplitting::checkColours: made a gluon colour singlet; redoing colours       | 
 |    100   Warning (SIGNN) in JunctionSplitting::checkColours: not possible to split junctions; making new colours | 
 |    100   Warning (SIGNN) in JunctionSplitting::splitJunPairs: parallel junction state not allowed               | 
 |      2   Warning (SIGNN) in SimpleSpaceShower::pT2nextQCD: weight above unity                                   | 
 |     46   Warning (SIGNP) in JunctionSplitting::checkColours: made a gluon colour singlet; redoing colours       | 
 |     97   Warning (SIGNP) in JunctionSplitting::checkColours: not possible to split junctions; making new colours | 
 |     97   Warning (SIGNP) in JunctionSplitting::splitJunPairs: parallel junction state not allowed               | 
 |      4   Warning (SIGNP) in SimpleSpaceShower::pT2nextQCD: weight above unity                                   | 
 |     42   Warning (SIGPN) in JunctionSplitting::checkColours: made a gluon colour singlet; redoing colours       | 
 |    113   Warning (SIGPN) in JunctionSplitting::checkColours: not possible to split junctions; making new colours | 
 |    113   Warning (SIGPN) in JunctionSplitting::splitJunPairs: parallel junction state not allowed               | 
 |     42   Warning (SIGPP) in JunctionSplitting::checkColours: made a gluon colour singlet; redoing colours       | 
 |    109   Warning (SIGPP) in JunctionSplitting::checkColours: not possible to split junctions; making new colours | 
 |    109   Warning (SIGPP) in JunctionSplitting::splitJunPairs: parallel junction state not allowed               | 
 |      1   Warning (SIGPP) in SimpleSpaceShower::pT2nextQCD: weight above unity                                   | 
 |      6   Warning in Angantyr::next: could not setup signal or ND collisions                                     | 
 |      1   Warning in HadronWidths::pickMasses: angular momentum and running widths not used                      | 
 |     23   Warning in MiniStringFragmentation::ministring2two: random axis needed to break tie                    | 
 |   7514   Warning in PartonVertex::vertexHadrons: unidentified junction topology not handled                     | 
 |      1   Warning in Pythia::check: not quite matched particle energy/momentum/mass                              | 
 |   2080   Warning in Pythia::forceHadronLevel: hadronLevel failed; try again                                     | 
 |      6   Warning in StringFragmentation::collinearPair: JRF finding failure, use CoM instead                    | 
 |      2   Warning in StringFragmentation::collinearPair: soft massless endpoint encountered in junction system.  | 
 |      7   Warning in StringFragmentation::finalRegion: random axis needed to break tie                           | 
 |     22   Warning in StringFragmentation::perturbedJRF: small junction system, two short legs                    | 
 |                                                                                                                 | 
 *-------  End PYTHIA Error and Warning Messages Statistics  ------------------------------------------------------* 
