Serial                        : 01
Beam Energy                   : 7000
Event Count                   : 1500000
Real Event Count              : 1500000
Last Run                      : 2026-04-01 00:00:05
Time Taken                    : 6 hours 55 minutes 29 seconds 
Time Taken / 1000 Events      : 16.62 seconds 
Histogram Scale               : 1
Progress Bar Update Interval  : 6521
Check Interval                : 20000
Lambda Mass                   : 1.115
Lambda Energy                 : 1.115
Proton Mass                   : 0.938
Pion Mass                     : 0.14
Mass Difference               : 0.037
Energy Tolerance              : 0.15
Theta Tolerance               : 0.1
Lambda Momentum               : 1.115
Lambda Transverse Momentum    : 1
Eta Extent                    : 5




 *-------  PYTHIA Flag + Mode + Parm + Word + FVec + MVec + PVec + WVec Settings (changes only)  ------------------* 
 |                                                                                                                 | 
 | Name                                          |                      Now |      Default         Min         Max | 
 |                                               |                          |                                      | 
 | BeamRemnants:remnantMode                      |                        1 |            0           0           1 | 
 | BeamRemnants:saturation                       |                  3.00000 |      5.00000     0.10000  100000.000 | 
 | Beams:eCM                                     |                 7000.000 |    14000.000         0.0             | 
 | Beams:idA                                     |               1000100200 |         2212                         | 
 | Beams:idB                                     |               1000100200 |         2212                         | 
 | ColourReconnection:allowDoubleJunRem          |                      off |           on                         | 
 | ColourReconnection:mode                       |                        1 |            0           0           4 | 
 | HardQCD:all                                   |                       on |          off                         | 
 | HeavyIon:SigFitDefAvNDb                       |                  0.98000 |          0.0                         | 
 | HeavyIon:SigFitDefPar                         |                  1.51000 |                                      | 
 |                                               |                  3.58000 |                                      | 
 |                                               |                  1.21000 |                                      | 
 | HeavyIon:SigFitNGen                           |                        0 |           20           0             | 
 | Init:showChangedParticleData                  |                      off |           on                         | 
 | Init:showChangedSettings                      |                      off |           on                         | 
 | Init:showMultipartonInteractions              |                      off |           on                         | 
 | Init:showProcesses                            |                      off |           on                         | 
 | MultipartonInteractions:pT0Ref                |                  2.50000 |      2.28000     0.50000    10.00000 | 
 | Next:numberCount                              |                        0 |         1000           0             | 
 | Next:numberShowEvent                          |                        0 |            1           0             | 
 | Next:numberShowInfo                           |                        0 |            1           0             | 
 | Next:numberShowLHA                            |                        0 |            1           0             | 
 | Next:numberShowProcess                        |                        0 |            1           0             | 
 | Parallelism:numThreads                        |                       10 |            0           0             | 
 | Parallelism:seeds                             |                 19780503 |                                      | 
 |                                               |                 19780504 |                                      | 
 |                                               |                 19780505 |                                      | 
 |                                               |                 19780506 |                                      | 
 |                                               |                 19780507 |                                      | 
 |                                               |                 19780508 |                                      | 
 |                                               |                 19780509 |                                      | 
 |                                               |                 19780510 |                                      | 
 |                                               |                 19780511 |                                      | 
 |                                               |                 19780512 |                                      | 
 | PartonVertex:ProtonRadius                     |                  0.70000 |      0.85000         0.0    10.00000 | 
 | PartonVertex:setVertex                        |                       on |          off                         | 
 | PhaseSpace:pTHatMin                           |                  5.00000 |          0.0         0.0             | 
 | Print:errors                                  |                      off |           on                         | 
 | Print:quiet                                   |                       on |          off                         | 
 | Ropewalk:doFlavour                            |                       on |          off                         | 
 | Ropewalk:doShoving                            |                       on |          off                         | 
 | Ropewalk:RopeHadronization                    |                       on |          off                         | 
 | Ropewalk:tShove                               |                  0.20000 |      1.00000         0.0   100.00000 | 
 | SoftQCD:inelastic                             |                       on |          off                         | 
 | StringZ:useOldAExtra                          |                       on |          off                         | 
 |                                                                                                                 | 
 *-------  End PYTHIA Flag + Mode + Parm + Word + FVec + MVec + PVec + WVec Settings  -----------------------------* 




 *-------  PYTHIA Error and Warning Messages Statistics  ----------------------------------------------------------* 
 |                                                                                                                 | 
 |  times   message                                                                                                | 
 |                                                                                                                 | 
 |     11   Error (MBIAS) in BeamRemnants::add: failed to find physical colour state after colour reconnection     | 
 |   7027   Error (MBIAS) in SimpleSpaceShower::pT2nearThreshold: stuck in loop                                    | 
 |      4   Error (SASD) in BeamRemnants::setKinematics: kinematics construction failed after retrying 10 times    | 
 |    334   Error (SASD) in SimpleSpaceShower::pT2nearThreshold: stuck in loop                                     | 
 |    993   Error (SIGNN) in SimpleSpaceShower::pT2nearThreshold: stuck in loop                                    | 
 |      2   Error (SIGNP) in BeamRemnants::add: failed to find physical colour state after colour reconnection     | 
 |    901   Error (SIGNP) in SimpleSpaceShower::pT2nearThreshold: stuck in loop                                    | 
 |   1093   Error (SIGPN) in SimpleSpaceShower::pT2nearThreshold: stuck in loop                                    | 
 |   1166   Error (SIGPP) in SimpleSpaceShower::pT2nearThreshold: stuck in loop                                    | 
 |      4   Error in Angantyr::next: could not setup DD sub-collision                                              | 
 |     48   Error in Angantyr::next: could not setup SD sub-collision                                              | 
 |     20   Error in HadronLevel::next: failed colour/junction check                                               | 
 |     15   Error in LundFragmentation::fragment: ministring fragmentation failed                                  | 
 |     15   Error in MiniStringFragmentation::fragment: no 1- or 2-body state found above mass threshold           | 
 |      1   Error in ParticleDecays::decay: failed to find workable decay channel                                  | 
 |      7   Error in Pythia::check: charge not conserved                                                           | 
 |     18   Error in Pythia::check: energy-momentum not conserved                                                  | 
 |     13   Error in Pythia::check: unknown particle code                                                          | 
 |    948   Error in Pythia::check: unmatched particle energy/momentum/mass                                        | 
 |    176   Error in Pythia::forceHadronLevel: check of event revealed problems                                    | 
 |  21472   Error in Pythia::forceHadronLevel: hadronLevel failed; giving up                                       | 
 |     53   Error in RopeDipole::propagateInit: Tried to propagate a RopeDipoleEnd with mT <= 0                    | 
 | 143321   Error in Settings::parm: value is out of range                                                         | 
 |  32222   Error in StringFragmentation::fragment: stuck in joining                                               | 
 | 258122   Error in StringFragmentation::fragmentToJunction: diquark too close to junction                        | 
 |  12494   Warning (MBIAS) in ColourReconnection::addJunctionIndices: skipping junction-junction connection       | 
 | 242726   Warning (MBIAS) in JunctionSplitting::checkColours: made a gluon colour singlet; redoing colours       | 
 | 416309   Warning (MBIAS) in JunctionSplitting::checkColours: not possible to split junctions; making new colours | 
 | 416309   Warning (MBIAS) in JunctionSplitting::splitJunPairs: parallel junction state not allowed               | 
 |    150   Warning (MBIAS) in MultipartonInteractions::init: maximum increased                                    | 
 |    500   Warning (MBIAS) in MultipartonInteractions::pTfirst: weight above unity                                | 
 |   1076   Warning (MBIAS) in MultipartonInteractions::pTnext: weight above unity                                 | 
 |    711   Warning (MBIAS) in Pythia::check: energy-momentum not quite conserved                                  | 
 |   1662   Warning (MBIAS) in SimpleSpaceShower::pT2nextQCD: small daughter PDF                                   | 
 | 265986   Warning (MBIAS) in SimpleSpaceShower::pT2nextQCD: weight above unity                                   | 
 |    949   Warning (SASD) in JunctionSplitting::checkColours: not possible to split junctions; making new colours | 
 |    949   Warning (SASD) in JunctionSplitting::splitJunPairs: parallel junction state not allowed                | 
 |    150   Warning (SASD) in MultipartonInteractions::init: maximum increased                                     | 
 |    282   Warning (SASD) in MultipartonInteractions::pTfirst: weight above unity                                 | 
 |     72   Warning (SASD) in MultipartonInteractions::pTnext: weight above unity                                  | 
 |     13   Warning (SASD) in Pythia::check: energy-momentum not quite conserved                                   | 
 |    957   Warning (SASD) in SimpleSpaceShower::pT2nextQCD: small daughter PDF                                    | 
 |   8246   Warning (SASD) in SimpleSpaceShower::pT2nextQCD: weight above unity                                    | 
 |   1354   Warning (SIGNN) in ColourReconnection::addJunctionIndices: skipping junction-junction connection       | 
 |  28855   Warning (SIGNN) in JunctionSplitting::checkColours: made a gluon colour singlet; redoing colours       | 
 |  59392   Warning (SIGNN) in JunctionSplitting::checkColours: not possible to split junctions; making new colours | 
 |  59392   Warning (SIGNN) in JunctionSplitting::splitJunPairs: parallel junction state not allowed               | 
 |    157   Warning (SIGNN) in MultipartonInteractions::pTnext: weight above unity                                 | 
 |     52   Warning (SIGNN) in Pythia::check: energy-momentum not quite conserved                                  | 
 |     16   Warning (SIGNN) in SimpleSpaceShower::pT2nextQCD: small daughter PDF                                   | 
 |    760   Warning (SIGNN) in SimpleSpaceShower::pT2nextQCD: weight above unity                                   | 
 |   1898   Warning (SIGNP) in ColourReconnection::addJunctionIndices: skipping junction-junction connection       | 
 |  28568   Warning (SIGNP) in JunctionSplitting::checkColours: made a gluon colour singlet; redoing colours       | 
 |  60077   Warning (SIGNP) in JunctionSplitting::checkColours: not possible to split junctions; making new colours | 
 |  60077   Warning (SIGNP) in JunctionSplitting::splitJunPairs: parallel junction state not allowed               | 
 |     94   Warning (SIGNP) in MultipartonInteractions::pTnext: weight above unity                                 | 
 |    103   Warning (SIGNP) in Pythia::check: energy-momentum not quite conserved                                  | 
 |     60   Warning (SIGNP) in SimpleSpaceShower::pT2nextQCD: small daughter PDF                                   | 
 |    711   Warning (SIGNP) in SimpleSpaceShower::pT2nextQCD: weight above unity                                   | 
 |   1324   Warning (SIGPN) in ColourReconnection::addJunctionIndices: skipping junction-junction connection       | 
 |  29443   Warning (SIGPN) in JunctionSplitting::checkColours: made a gluon colour singlet; redoing colours       | 
 |  59537   Warning (SIGPN) in JunctionSplitting::checkColours: not possible to split junctions; making new colours | 
 |  59537   Warning (SIGPN) in JunctionSplitting::splitJunPairs: parallel junction state not allowed               | 
 |    122   Warning (SIGPN) in MultipartonInteractions::pTnext: weight above unity                                 | 
 |     66   Warning (SIGPN) in Pythia::check: energy-momentum not quite conserved                                  | 
 |   1005   Warning (SIGPN) in SimpleSpaceShower::pT2nextQCD: small daughter PDF                                   | 
 |    767   Warning (SIGPN) in SimpleSpaceShower::pT2nextQCD: weight above unity                                   | 
 |   1294   Warning (SIGPP) in ColourReconnection::addJunctionIndices: skipping junction-junction connection       | 
 |  29222   Warning (SIGPP) in JunctionSplitting::checkColours: made a gluon colour singlet; redoing colours       | 
 |  58198   Warning (SIGPP) in JunctionSplitting::checkColours: not possible to split junctions; making new colours | 
 |  58198   Warning (SIGPP) in JunctionSplitting::splitJunPairs: parallel junction state not allowed               | 
 |    162   Warning (SIGPP) in MultipartonInteractions::pTnext: weight above unity                                 | 
 |     81   Warning (SIGPP) in Pythia::check: energy-momentum not quite conserved                                  | 
 |      7   Warning (SIGPP) in SimpleSpaceShower::pT2nextQCD: small daughter PDF                                   | 
 |    704   Warning (SIGPP) in SimpleSpaceShower::pT2nextQCD: weight above unity                                   | 
 |    508   Warning in Angantyr::next: could not setup signal or ND collisions                                     | 
 |     46   Warning in HadronWidths::pickMasses: angular momentum and running widths not used                      | 
 |     20   Warning in JunctionSplitting::checkColours: not possible to split junctions; making new colours        | 
 |     20   Warning in JunctionSplitting::splitJunPairs: parallel junction state not allowed                       | 
 |   1513   Warning in MiniStringFragmentation::ministring2two: random axis needed to break tie                    | 
 | 1115461   Warning in PartonVertex::vertexHadrons: unidentified junction topology not handled                     | 
 |    183   Warning in Pythia::check: energy-momentum not quite conserved                                          | 
 |    569   Warning in Pythia::check: not quite matched particle energy/momentum/mass                              | 
 | 290379   Warning in Pythia::forceHadronLevel: hadronLevel failed; try again                                     | 
 |      1   Warning in PythiaParallel::init: experimental feature, please send feedback to authors@pythia.org      | 
 |    801   Warning in StringFragmentation::collinearPair: JRF finding failure, use CoM instead                    | 
 |    298   Warning in StringFragmentation::collinearPair: soft massless endpoint encountered in junction system.  | 
 |    767   Warning in StringFragmentation::finalRegion: random axis needed to break tie                           | 
 |   1697   Warning in StringFragmentation::perturbedJRF: small junction system, two short legs                    | 
 |      2   Warning in TauDecays::decay: maximum decay weight exceeded in tau decay                                | 
 |     28   Warning in TauDecays::decay: unknown correlated tau production, assuming from unpolarized photon       | 
 |                                                                                                                 | 
 *-------  End PYTHIA Error and Warning Messages Statistics  ------------------------------------------------------* 
