Serial                        : 01
Beam Energy                   : 7000
Event Count                   : 100,000
Real Event Count              : 100,000
Last Run                      : 2026-04-01 11:06:12
Time Taken                    : 31 minutes 47 seconds 
Time Taken / 1000 Events      : 19.07 seconds 
Histogram Scale               : 1
Progress Bar Update Interval  : 380
Check Interval                : 20,000
Lambda Mass                   : 1.115
Lambda Energy                 : 1.115
Proton Mass                   : 0.938
Pion Mass                     : 0.14
Mass Difference               : 0.037
Energy Tolerance              : 0.15
Theta Tolerance               : 0.1
Lambda Momentum               : 1.115
Lambda Transverse Momentum    : 1
Eta Extent                    : 5




 *-------  PYTHIA Flag + Mode + Parm + Word + FVec + MVec + PVec + WVec Settings (changes only)  ------------------* 
 |                                                                                                                 | 
 | Name                                          |                      Now |      Default         Min         Max | 
 |                                               |                          |                                      | 
 | BeamRemnants:remnantMode                      |                        1 |            0           0           1 | 
 | BeamRemnants:saturation                       |                  3.00000 |      5.00000     0.10000  100000.000 | 
 | Beams:eCM                                     |                 7000.000 |    14000.000         0.0             | 
 | Beams:idA                                     |               1000100200 |         2212                         | 
 | Beams:idB                                     |               1000100200 |         2212                         | 
 | ColourReconnection:allowDoubleJunRem          |                      off |           on                         | 
 | ColourReconnection:mode                       |                        1 |            0           0           4 | 
 | HardQCD:all                                   |                       on |          off                         | 
 | HeavyIon:SigFitDefAvNDb                       |                  0.98000 |          0.0                         | 
 | HeavyIon:SigFitDefPar                         |                  1.51000 |                                      | 
 |                                               |                  3.58000 |                                      | 
 |                                               |                  1.21000 |                                      | 
 | HeavyIon:SigFitNGen                           |                        0 |           20           0             | 
 | Init:showChangedParticleData                  |                      off |           on                         | 
 | Init:showChangedSettings                      |                      off |           on                         | 
 | Init:showMultipartonInteractions              |                      off |           on                         | 
 | Init:showProcesses                            |                      off |           on                         | 
 | MultipartonInteractions:pT0Ref                |                  2.50000 |      2.28000     0.50000    10.00000 | 
 | Next:numberCount                              |                        0 |         1000           0             | 
 | Next:numberShowEvent                          |                        0 |            1           0             | 
 | Next:numberShowInfo                           |                        0 |            1           0             | 
 | Next:numberShowLHA                            |                        0 |            1           0             | 
 | Next:numberShowProcess                        |                        0 |            1           0             | 
 | Parallelism:numThreads                        |                       10 |            0           0             | 
 | Parallelism:seeds                             |                 19780503 |                                      | 
 |                                               |                 19780504 |                                      | 
 |                                               |                 19780505 |                                      | 
 |                                               |                 19780506 |                                      | 
 |                                               |                 19780507 |                                      | 
 |                                               |                 19780508 |                                      | 
 |                                               |                 19780509 |                                      | 
 |                                               |                 19780510 |                                      | 
 |                                               |                 19780511 |                                      | 
 |                                               |                 19780512 |                                      | 
 | PartonVertex:ProtonRadius                     |                  0.70000 |      0.85000         0.0    10.00000 | 
 | PartonVertex:setVertex                        |                       on |          off                         | 
 | PhaseSpace:pTHatMin                           |                  5.00000 |          0.0         0.0             | 
 | Print:errors                                  |                      off |           on                         | 
 | Print:quiet                                   |                       on |          off                         | 
 | Ropewalk:doFlavour                            |                       on |          off                         | 
 | Ropewalk:doShoving                            |                       on |          off                         | 
 | Ropewalk:RopeHadronization                    |                       on |          off                         | 
 | Ropewalk:tShove                               |                  0.20000 |      1.00000         0.0   100.00000 | 
 | SoftQCD:inelastic                             |                       on |          off                         | 
 | StringZ:useOldAExtra                          |                       on |          off                         | 
 |                                                                                                                 | 
 *-------  End PYTHIA Flag + Mode + Parm + Word + FVec + MVec + PVec + WVec Settings  -----------------------------* 




 *-------  PYTHIA Error and Warning Messages Statistics  ----------------------------------------------------------* 
 |                                                                                                                 | 
 |  times   message                                                                                                | 
 |                                                                                                                 | 
 |     45   Error (MBIAS) in SimpleSpaceShower::pT2nearThreshold: stuck in loop                                    | 
 |     20   Error (SIGNN) in SimpleSpaceShower::pT2nearThreshold: stuck in loop                                    | 
 |      1   Error (SIGNP) in SimpleSpaceShower::pT2nearThreshold: stuck in loop                                    | 
 |     12   Error (SIGPN) in SimpleSpaceShower::pT2nearThreshold: stuck in loop                                    | 
 |     12   Error (SIGPP) in SimpleSpaceShower::pT2nearThreshold: stuck in loop                                    | 
 |      1   Error in Angantyr::next: could not setup DD sub-collision                                              | 
 |      1   Error in Angantyr::next: could not setup SD sub-collision                                              | 
 |      1   Error in Pythia::check: charge not conserved                                                           | 
 |      1   Error in Pythia::check: unknown particle code                                                          | 
 |     29   Error in Pythia::check: unmatched particle energy/momentum/mass                                        | 
 |      9   Error in Pythia::forceHadronLevel: check of event revealed problems                                    | 
 |   1439   Error in Pythia::forceHadronLevel: hadronLevel failed; giving up                                       | 
 |      9   Error in RopeDipole::propagateInit: Tried to propagate a RopeDipoleEnd with mT <= 0                    | 
 |   9800   Error in Settings::parm: value is out of range                                                         | 
 |   2115   Error in StringFragmentation::fragment: stuck in joining                                               | 
 |  17261   Error in StringFragmentation::fragmentToJunction: diquark too close to junction                        | 
 |     86   Warning (MBIAS) in ColourReconnection::addJunctionIndices: skipping junction-junction connection       | 
 |   1271   Warning (MBIAS) in JunctionSplitting::checkColours: made a gluon colour singlet; redoing colours       | 
 |   2185   Warning (MBIAS) in JunctionSplitting::checkColours: not possible to split junctions; making new colours | 
 |   2185   Warning (MBIAS) in JunctionSplitting::splitJunPairs: parallel junction state not allowed               | 
 |     10   Warning (MBIAS) in MultipartonInteractions::init: maximum increased                                    | 
 |      2   Warning (MBIAS) in MultipartonInteractions::pTfirst: weight above unity                                | 
 |      6   Warning (MBIAS) in MultipartonInteractions::pTnext: weight above unity                                 | 
 |      5   Warning (MBIAS) in Pythia::check: energy-momentum not quite conserved                                  | 
 |      7   Warning (MBIAS) in SimpleSpaceShower::pT2nextQCD: small daughter PDF                                   | 
 |   1440   Warning (MBIAS) in SimpleSpaceShower::pT2nextQCD: weight above unity                                   | 
 |      5   Warning (SASD) in JunctionSplitting::checkColours: not possible to split junctions; making new colours | 
 |      5   Warning (SASD) in JunctionSplitting::splitJunPairs: parallel junction state not allowed                | 
 |     10   Warning (SASD) in MultipartonInteractions::init: maximum increased                                     | 
 |      3   Warning (SASD) in SimpleSpaceShower::pT2nextQCD: small daughter PDF                                    | 
 |     46   Warning (SASD) in SimpleSpaceShower::pT2nextQCD: weight above unity                                    | 
 |     21   Warning (SIGNN) in ColourReconnection::addJunctionIndices: skipping junction-junction connection       | 
 |    156   Warning (SIGNN) in JunctionSplitting::checkColours: made a gluon colour singlet; redoing colours       | 
 |    317   Warning (SIGNN) in JunctionSplitting::checkColours: not possible to split junctions; making new colours | 
 |    317   Warning (SIGNN) in JunctionSplitting::splitJunPairs: parallel junction state not allowed               | 
 |      3   Warning (SIGNN) in SimpleSpaceShower::pT2nextQCD: weight above unity                                   | 
 |    125   Warning (SIGNP) in JunctionSplitting::checkColours: made a gluon colour singlet; redoing colours       | 
 |    310   Warning (SIGNP) in JunctionSplitting::checkColours: not possible to split junctions; making new colours | 
 |    310   Warning (SIGNP) in JunctionSplitting::splitJunPairs: parallel junction state not allowed               | 
 |      2   Warning (SIGNP) in MultipartonInteractions::pTnext: weight above unity                                 | 
 |      5   Warning (SIGNP) in SimpleSpaceShower::pT2nextQCD: weight above unity                                   | 
 |    149   Warning (SIGPN) in JunctionSplitting::checkColours: made a gluon colour singlet; redoing colours       | 
 |    331   Warning (SIGPN) in JunctionSplitting::checkColours: not possible to split junctions; making new colours | 
 |    331   Warning (SIGPN) in JunctionSplitting::splitJunPairs: parallel junction state not allowed               | 
 |      1   Warning (SIGPN) in Pythia::check: energy-momentum not quite conserved                                  | 
 |      2   Warning (SIGPN) in SimpleSpaceShower::pT2nextQCD: weight above unity                                   | 
 |      7   Warning (SIGPP) in ColourReconnection::addJunctionIndices: skipping junction-junction connection       | 
 |    146   Warning (SIGPP) in JunctionSplitting::checkColours: made a gluon colour singlet; redoing colours       | 
 |    317   Warning (SIGPP) in JunctionSplitting::checkColours: not possible to split junctions; making new colours | 
 |    317   Warning (SIGPP) in JunctionSplitting::splitJunPairs: parallel junction state not allowed               | 
 |      2   Warning (SIGPP) in SimpleSpaceShower::pT2nextQCD: weight above unity                                   | 
 |     41   Warning in Angantyr::next: could not setup signal or ND collisions                                     | 
 |      1   Warning in HadronWidths::pickMasses: angular momentum and running widths not used                      | 
 |    101   Warning in MiniStringFragmentation::ministring2two: random axis needed to break tie                    | 
 |  74153   Warning in PartonVertex::vertexHadrons: unidentified junction topology not handled                     | 
 |      7   Warning in Pythia::check: energy-momentum not quite conserved                                          | 
 |     43   Warning in Pythia::check: not quite matched particle energy/momentum/mass                              | 
 |  19376   Warning in Pythia::forceHadronLevel: hadronLevel failed; try again                                     | 
 |      1   Warning in PythiaParallel::init: experimental feature, please send feedback to authors@pythia.org      | 
 |     60   Warning in StringFragmentation::collinearPair: JRF finding failure, use CoM instead                    | 
 |     19   Warning in StringFragmentation::collinearPair: soft massless endpoint encountered in junction system.  | 
 |     32   Warning in StringFragmentation::finalRegion: random axis needed to break tie                           | 
 |    164   Warning in StringFragmentation::perturbedJRF: small junction system, two short legs                    | 
 |      2   Warning in TauDecays::decay: unknown correlated tau production, assuming from unpolarized photon       | 
 |                                                                                                                 | 
 *-------  End PYTHIA Error and Warning Messages Statistics  ------------------------------------------------------* 
